<h1>Static Assets</h1>
<p>This is the static assets directory.</p>
