<h1>Hello World!</h1>
<p>This is a metadata file that's injected into twig-test!</p>

<div class="twig-test">
  hello-world
</div>

<h2 class="globalVar">This Is The AwesomeSauce!</h2>

<dl>
  <dt>build_path</dt>
  <dd><pre>/</pre></dd>
<dl>

Hello, World!

This is a class: <div class="hello-world">Class!</div>
