<!DOCTYPE html>
<html class="no-js" lang="en">
<head>
  <meta charset="utf-8">
  <title>KSS Style Guide</title>

  <meta name="description" content="">
  <meta name="generator" content="kss-node">
  <meta name="viewport" content="width=device-width">

  <link rel="stylesheet" href="kss-assets/kss.css">
  <link rel="stylesheet" href="../main.css">

</head>
<body id="kss-node" >

<div class="kss-sidebar kss-style">
  <header class="kss-header">
    <h1 class="kss-doc-title">KSS Style Guide</h1>
  </header>
  <nav class="kss-nav">
    <ul class="kss-nav__menu">
      <li class="kss-nav__menu-item">
        <a class="kss-nav__menu-link" href="./">
          <span class="kss-nav__ref">0</span
          ><span class="kss-nav__name">Overview</span>
        </a>
      </li>
          <li class="kss-nav__menu-item">
        <a class="kss-nav__menu-link" href="section-kalastatic.html">
          <span class="kss-nav__ref">1</span><span class="kss-nav__name">kalastatic</span>
        </a>
                  <ul class="kss-nav__menu-child">
                      <li class="kss-nav__menu-item">
              <a class="kss-nav__menu-link" href="section-kalastatic.html#kssref-kalastatic-button">
                <span class="kss-nav__ref ">1.1</span
                ><span class="kss-nav__name">Button</span>
              </a>
            </li>
                      <li class="kss-nav__menu-item">
              <a class="kss-nav__menu-link" href="section-kalastatic.html#kssref-kalastatic-button-group">
                <span class="kss-nav__ref ">1.2</span
                ><span class="kss-nav__name">Button Group</span>
              </a>
            </li>
                    </ul>
              </li>
        </ul>
  </nav>
</div>
<article role="main" class="kss-main">

  
          <div id="kssref-kalastatic" class="kss-section kss-section--depth-1 ">
      <div class="kss-style">
                <h1 class="kss-title kss-title--level-1">
          <a class="kss-title__permalink" href="#kssref-kalastatic">
            <span class="kss-title__ref">
              1
              <span class="kss-title__permalink-hash">
                kalastatic
              </span>
            </span>
            kalastatic
          </a>
        </h1>

        
        
              </div>

      
          </div>
          <section id="kssref-kalastatic-button" class="kss-section kss-section--depth-2 ">
      <div class="kss-style">
                <h2 class="kss-title kss-title--level-2">
          <a class="kss-title__permalink" href="#kssref-kalastatic-button">
            <span class="kss-title__ref">
              1.1
              <span class="kss-title__permalink-hash">
                kalastatic.button
              </span>
            </span>
            Button
          </a>
        </h2>

                  <p class="kss-toolbar">
                          <a href="#kssref-kalastatic-button" data-kss-fullscreen="kssref-kalastatic-button">
                <span class="kss-toolbar__tooltip">Toggle full screen</span>
                <svg class="off" version="1.1" xmlns="http://www.w3.org/2000/svg" xmlns:xlink="http://www.w3.org/1999/xlink" width="100%" height="100%" viewBox="0 0 64 64">
                  <path class="kss-toolbar__icon-fill" d="M64 0v26l-10-10-12 12-6-6 12-12-10-10zM28 42l-12 12 10 10h-26v-26l10 10 12-12z"></path>
                </svg>
                <svg class="on" version="1.1" xmlns="http://www.w3.org/2000/svg" xmlns:xlink="http://www.w3.org/1999/xlink" width="100%" height="100%" viewBox="0 0 64 64">
                  <path class="kss-toolbar__icon-fill" d="M28 36v26l-10-10-12 12-6-6 12-12-10-10zM64 6l-12 12 10 10h-26v-26l10 10 12-12z"></path>
                </svg>
              </a>
              <a href="item-kalastatic-button.html" target="_blank">
                <span class="kss-toolbar__tooltip">Open in new window</span>
                <svg version="1.1" xmlns="http://www.w3.org/2000/svg" xmlns:xlink="http://www.w3.org/1999/xlink" width="100%" height="100%" viewBox="0 0 64 64">
                  <rect x="0" y="20" width="40" height="44" fill="#fff"/>
                  <path class="kss-toolbar__icon-fill" d="M40,64l-40,0l0,-44l40,0l0,44Zm-36,-40l0,36l32,0l0,-36l-32,0Z"/>
                  <rect class="kss-toolbar__icon-fill" x="0" y="20" width="40" height="10"/>
                  <rect x="24" y="0" width="40" height="44" fill="#fff"/>
                  <path class="kss-toolbar__icon-fill" d="M64,44l-40,0l0,-44l40,0l0,44Zm-36,-40l0,36l32,0l0,-36l-32,0Z"/>
                  <rect class="kss-toolbar__icon-fill" x="24" y="0" width="40" height="10"/>
                </svg>
              </a>
                        <a href="#kssref-kalastatic-button" data-kss-guides="true">
              <span class="kss-toolbar__tooltip">Toggle example guides</span>
              <svg version="1.1" xmlns="http://www.w3.org/2000/svg" xmlns:xlink="http://www.w3.org/1999/xlink" width="100%" height="100%" viewBox="0 0 64 64">
                <rect class="kss-toolbar__icon-fill" x="5" y="35" width="5" height="9"/>
                <rect class="kss-toolbar__icon-fill" x="54" y="21" width="5" height="9"/>
                <rect class="kss-toolbar__icon-fill" x="54" y="35" width="5" height="9"/>
                <rect class="kss-toolbar__icon-fill" x="5" y="21" width="5" height="9"/>
                <rect class="kss-toolbar__icon-fill" x="5" y="0" width="5" height="15"/>
                <rect class="kss-toolbar__icon-fill" x="35" y="5" width="9" height="5"/>
                <rect class="kss-toolbar__icon-fill" x="20" y="5" width="9" height="5"/>
                <rect class="kss-toolbar__icon-fill" x="0" y="5" width="15" height="5"/>
                <rect class="kss-toolbar__icon-fill" x="54" y="0" width="5" height="15"/>
                <rect class="kss-toolbar__icon-fill" x="49" y="5" width="15" height="5"/>
                <rect class="kss-toolbar__icon-fill" x="54" y="49" width="5" height="15"/>
                <rect class="kss-toolbar__icon-fill" x="49" y="54" width="15" height="5"/>
                <rect class="kss-toolbar__icon-fill" x="5" y="49" width="5" height="15"/>
                <rect class="kss-toolbar__icon-fill" x="0" y="54" width="15" height="5"/>
                <rect class="kss-toolbar__icon-fill" x="35" y="54" width="9" height="5"/>
                <rect class="kss-toolbar__icon-fill" x="20" y="54" width="9" height="5"/>
              </svg>
            </a>
            <a href="#kssref-kalastatic-button" data-kss-markup="true">
              <span class="kss-toolbar__tooltip">Toggle HTML markup</span>
              <svg version="1.1" xmlns="http://www.w3.org/2000/svg" xmlns:xlink="http://www.w3.org/1999/xlink" width="100%" height="100%" viewBox="0 0 64 64">
                <path class="kss-toolbar__icon-fill" d="M37.555,46.239l6.103,6.103l20.342,-20.342l-20.342,-20.342l-6.103,6.103l14.24,14.239l-14.24,14.239Z"/>
                <path class="kss-toolbar__icon-fill" d="M26.445,17.761l-6.103,-6.103l-20.342,20.342l20.342,20.342l6.103,-6.103l-14.24,-14.239l14.24,-14.239Z"/>
              </svg>
            </a>
          </p>
        
                  <div class="kss-description">
            <p>Displays a button on the page.</p>
<h4 id="parameters">Parameters</h4>
<ul>
<li><code>title</code> The text to display in the button.</li>
<li><code>href</code> The link to point the button to.</li>
<li><code>active</code> Whether or not the button will be the Active state.</li>
</ul>
<h4 id="usage">Usage</h4>
<pre><code class="lang-twig">{# Twig #}
{% include &#39;path/to/button.twig&#39; with { title: &#39;Hello World!&#39; } %}

{# Partials #}
{% partial(&#39;button&#39;, {title: &#39;Hello World!&#39;}) %}
</code></pre>

          </div>
        
              </div>

              <div class="kss-modifier__wrapper">
          <div class="kss-modifier__heading kss-style">
            Example          </div>

          
          <div class="kss-modifier__example">
              


  
  
	<button class="pure-button pure-button-primary pure-button-active">Hello World!</button>

            <div class="kss-modifier__example-footer"></div>
          </div>

                  </div>
                  <details class="kss-markup kss-style">
            <summary>
                              Markup: <code>partials/atoms/button.twig</code>
                          </summary>
            <pre class="prettyprint linenums lang-html"><code data-language="html">{% if not classes %}
  {% set classes = [] %}
{% endif %}

{% set classes = classes|merge([&#039;pure-button&#039;]) %}

{% if disabled %}
  {% set classes = classes|merge([&#039;pure-button-disabled&#039;]) %}
{% endif %}

{% if primary %}
  {% set classes = classes|merge([&#039;pure-button-primary&#039;]) %}
{% endif %}

{% if active %}
  {% set classes = classes|merge([&#039;pure-button-active&#039;]) %}
{% endif %}

{% if href %}
	&lt;a class=&quot;{{ classes|join(&#039; &#039;) }}&quot; href=&quot;{{ href }}&quot;&gt;{{ title }}&lt;/a&gt;
{% else %}
	&lt;button class=&quot;{{ classes|join(&#039; &#039;) }}&quot;&gt;{{ title }}&lt;/button&gt;
{% endif %}
</code></pre>
          </details>
              
              <div class="kss-source kss-style">
          Source: <code>partials/atoms/_button.scss</code>, line 1
        </div>
          </section>
          <section id="kssref-kalastatic-button-group" class="kss-section kss-section--depth-2 ">
      <div class="kss-style">
                <h2 class="kss-title kss-title--level-2">
          <a class="kss-title__permalink" href="#kssref-kalastatic-button-group">
            <span class="kss-title__ref">
              1.2
              <span class="kss-title__permalink-hash">
                kalastatic.button-group
              </span>
            </span>
            Button Group
          </a>
        </h2>

                  <p class="kss-toolbar">
                          <a href="#kssref-kalastatic-button-group" data-kss-fullscreen="kssref-kalastatic-button-group">
                <span class="kss-toolbar__tooltip">Toggle full screen</span>
                <svg class="off" version="1.1" xmlns="http://www.w3.org/2000/svg" xmlns:xlink="http://www.w3.org/1999/xlink" width="100%" height="100%" viewBox="0 0 64 64">
                  <path class="kss-toolbar__icon-fill" d="M64 0v26l-10-10-12 12-6-6 12-12-10-10zM28 42l-12 12 10 10h-26v-26l10 10 12-12z"></path>
                </svg>
                <svg class="on" version="1.1" xmlns="http://www.w3.org/2000/svg" xmlns:xlink="http://www.w3.org/1999/xlink" width="100%" height="100%" viewBox="0 0 64 64">
                  <path class="kss-toolbar__icon-fill" d="M28 36v26l-10-10-12 12-6-6 12-12-10-10zM64 6l-12 12 10 10h-26v-26l10 10 12-12z"></path>
                </svg>
              </a>
              <a href="item-kalastatic-button-group.html" target="_blank">
                <span class="kss-toolbar__tooltip">Open in new window</span>
                <svg version="1.1" xmlns="http://www.w3.org/2000/svg" xmlns:xlink="http://www.w3.org/1999/xlink" width="100%" height="100%" viewBox="0 0 64 64">
                  <rect x="0" y="20" width="40" height="44" fill="#fff"/>
                  <path class="kss-toolbar__icon-fill" d="M40,64l-40,0l0,-44l40,0l0,44Zm-36,-40l0,36l32,0l0,-36l-32,0Z"/>
                  <rect class="kss-toolbar__icon-fill" x="0" y="20" width="40" height="10"/>
                  <rect x="24" y="0" width="40" height="44" fill="#fff"/>
                  <path class="kss-toolbar__icon-fill" d="M64,44l-40,0l0,-44l40,0l0,44Zm-36,-40l0,36l32,0l0,-36l-32,0Z"/>
                  <rect class="kss-toolbar__icon-fill" x="24" y="0" width="40" height="10"/>
                </svg>
              </a>
                        <a href="#kssref-kalastatic-button-group" data-kss-guides="true">
              <span class="kss-toolbar__tooltip">Toggle example guides</span>
              <svg version="1.1" xmlns="http://www.w3.org/2000/svg" xmlns:xlink="http://www.w3.org/1999/xlink" width="100%" height="100%" viewBox="0 0 64 64">
                <rect class="kss-toolbar__icon-fill" x="5" y="35" width="5" height="9"/>
                <rect class="kss-toolbar__icon-fill" x="54" y="21" width="5" height="9"/>
                <rect class="kss-toolbar__icon-fill" x="54" y="35" width="5" height="9"/>
                <rect class="kss-toolbar__icon-fill" x="5" y="21" width="5" height="9"/>
                <rect class="kss-toolbar__icon-fill" x="5" y="0" width="5" height="15"/>
                <rect class="kss-toolbar__icon-fill" x="35" y="5" width="9" height="5"/>
                <rect class="kss-toolbar__icon-fill" x="20" y="5" width="9" height="5"/>
                <rect class="kss-toolbar__icon-fill" x="0" y="5" width="15" height="5"/>
                <rect class="kss-toolbar__icon-fill" x="54" y="0" width="5" height="15"/>
                <rect class="kss-toolbar__icon-fill" x="49" y="5" width="15" height="5"/>
                <rect class="kss-toolbar__icon-fill" x="54" y="49" width="5" height="15"/>
                <rect class="kss-toolbar__icon-fill" x="49" y="54" width="15" height="5"/>
                <rect class="kss-toolbar__icon-fill" x="5" y="49" width="5" height="15"/>
                <rect class="kss-toolbar__icon-fill" x="0" y="54" width="15" height="5"/>
                <rect class="kss-toolbar__icon-fill" x="35" y="54" width="9" height="5"/>
                <rect class="kss-toolbar__icon-fill" x="20" y="54" width="9" height="5"/>
              </svg>
            </a>
            <a href="#kssref-kalastatic-button-group" data-kss-markup="true">
              <span class="kss-toolbar__tooltip">Toggle HTML markup</span>
              <svg version="1.1" xmlns="http://www.w3.org/2000/svg" xmlns:xlink="http://www.w3.org/1999/xlink" width="100%" height="100%" viewBox="0 0 64 64">
                <path class="kss-toolbar__icon-fill" d="M37.555,46.239l6.103,6.103l20.342,-20.342l-20.342,-20.342l-6.103,6.103l14.24,14.239l-14.24,14.239Z"/>
                <path class="kss-toolbar__icon-fill" d="M26.445,17.761l-6.103,-6.103l-20.342,20.342l20.342,20.342l6.103,-6.103l-14.24,-14.239l14.24,-14.239Z"/>
              </svg>
            </a>
          </p>
        
                  <div class="kss-description">
            <p>Displays a number of Buttons in an unordered list.</p>

          </div>
        
              </div>

              <div class="kss-modifier__wrapper">
          <div class="kss-modifier__heading kss-style">
            Example          </div>

          
          <div class="kss-modifier__example">
              <ul>
          <li>
          




	<button class="pure-button">The First Button</button>
      </li>
          <li>
          




	<button class="pure-button">The Second Button</button>
      </li>
      </ul>

            <div class="kss-modifier__example-footer"></div>
          </div>

                  </div>
                  <details class="kss-markup kss-style">
            <summary>
                              Markup: <code>partials/molecules/button-group.twig</code>
                          </summary>
            <pre class="prettyprint linenums lang-html"><code data-language="html">{% if buttons %}
  &lt;ul&gt;
    {% for button in buttons %}
      &lt;li&gt;
        {% include &quot;@kstat/partials/atoms/button.twig&quot; with button only %}
      &lt;/li&gt;
    {% endfor %}
  &lt;/ul&gt;
{% endif %}
</code></pre>
          </details>
              
              <div class="kss-source kss-style">
          Source: <code>partials/molecules/_button-group.scss</code>, line 1
        </div>
          </section>
  </article>

<!-- SCRIPTS -->
<script src="kss-assets/kss.js"></script>
<script src="kss-assets/scrollspy.js"></script>
<script src="kss-assets/prettify.js"></script>
<script src="kss-assets/kss-fullscreen.js"></script>
<script src="kss-assets/kss-guides.js"></script>
<script src="kss-assets/kss-markup.js"></script>
<script>
  prettyPrint();
  var spy = new ScrollSpy('#kss-node', {
    nav: '.kss-nav__menu-child > li > a',
    className: 'is-in-viewport'
  });
  var kssFullScreen = new KssFullScreen({
    idPrefix: 'kss-fullscreen-',
    bodyClass: 'kss-fullscreen-mode',
    elementClass: 'is-fullscreen'
  });
  var kssGuides = new KssGuides({
    bodyClass: 'kss-guides-mode'
  });
  var kssMarkup = new KssMarkup({
    bodyClass: 'kss-markup-mode',
    detailsClass: 'kss-markup'
  });
</script>




<!-- Automatically built using <a href="https://github.com/kss-node/kss-node">kss-node</a>. -->
</body>
</html>
