
<!DOCTYPE html>
<html>
  <head>
    <title>Hello World!</title>
    <link href="/styles.css" rel="stylesheet">
  </head>
  <body>
    <h1>Hello World!</h1>
<img src="assets/image.png" />

    

    <script src="/sampleJavaScript.js" ></script>
  </body>
</html>
